Partition Merge report for TDOA_SOUND
Fri Nov  1 01:34:41 2024
Quartus Prime Version 20.1.1 Build 720 11/11/2020 SJ Lite Edition


---------------------
; Table of Contents ;
---------------------
  1. Legal Notice
  2. Partition Merge Summary
  3. Partition Merge Netlist Types Used
  4. Connections to In-System Debugging Instance "auto_signaltap_0"
  5. Partition Merge Partition Statistics
  6. Partition Merge Partition Pin Processing
  7. Partition Merge Resource Usage Summary
  8. Partition Merge RAM Summary
  9. Partition Merge Messages



----------------
; Legal Notice ;
----------------
Copyright (C) 2020  Intel Corporation. All rights reserved.
Your use of Intel Corporation's design tools, logic functions 
and other software and tools, and any partner logic 
functions, and any output files from any of the foregoing 
(including device programming or simulation files), and any 
associated documentation or information are expressly subject 
to the terms and conditions of the Intel Program License 
Subscription Agreement, the Intel Quartus Prime License Agreement,
the Intel FPGA IP License Agreement, or other applicable license
agreement, including, without limitation, that your use is for
the sole purpose of programming logic devices manufactured by
Intel and sold by Intel or its authorized distributors.  Please
refer to the applicable agreement for further details, at
https://fpgasoftware.intel.com/eula.



+----------------------------------------------------------------------------------+
; Partition Merge Summary                                                          ;
+------------------------------------+---------------------------------------------+
; Partition Merge Status             ; Successful - Fri Nov  1 01:34:41 2024       ;
; Quartus Prime Version              ; 20.1.1 Build 720 11/11/2020 SJ Lite Edition ;
; Revision Name                      ; TDOA_SOUND                                  ;
; Top-level Entity Name              ; TDOA_SOUND                                  ;
; Family                             ; Cyclone IV E                                ;
; Total logic elements               ; 2,222                                       ;
;     Total combinational functions  ; 940                                         ;
;     Dedicated logic registers      ; 1,833                                       ;
; Total registers                    ; 1833                                        ;
; Total pins                         ; 44                                          ;
; Total virtual pins                 ; 0                                           ;
; Total memory bits                  ; 323,584                                     ;
; Embedded Multiplier 9-bit elements ; 0                                           ;
; Total PLLs                         ; 0                                           ;
+------------------------------------+---------------------------------------------+


+-------------------------------------------------------------------------------------------------------------------------------+
; Partition Merge Netlist Types Used                                                                                            ;
+--------------------------------+----------------+-------------------+------------------------+--------------------------------+
; Partition Name                 ; Partition Type ; Netlist Type Used ; Netlist Type Requested ; Partition Contents             ;
+--------------------------------+----------------+-------------------+------------------------+--------------------------------+
; Top                            ; User-created   ; Source File       ; Source File            ;                                ;
; sld_hub:auto_hub               ; Auto-generated ; Post-Synthesis    ; Post-Synthesis         ; sld_hub:auto_hub               ;
; sld_signaltap:auto_signaltap_0 ; Auto-generated ; Post-Synthesis    ; Post-Synthesis         ; sld_signaltap:auto_signaltap_0 ;
; hard_block:auto_generated_inst ; Auto-generated ; Source File       ; Source File            ; hard_block:auto_generated_inst ;
+--------------------------------+----------------+-------------------+------------------------+--------------------------------+


+-----------------------------------------------------------------------------------------------------------------------------------------------------------------------------------------------------------------------------------------------------------------------------------------------------------------+
; Connections to In-System Debugging Instance "auto_signaltap_0"                                                                                                                                                                                                                                                  ;
+----------------------+---------------+-----------+--------------------------------+-------------------+----------------------------------------+----------------------------------------------------------------------------------------------------------------------------------------------------------------+
; Name                 ; Type          ; Status    ; Partition Name                 ; Netlist Type Used ; Actual Connection                      ; Details                                                                                                                                                        ;
+----------------------+---------------+-----------+--------------------------------+-------------------+----------------------------------------+----------------------------------------------------------------------------------------------------------------------------------------------------------------+
; MIC1[0]              ; pre-synthesis ; connected ; Top                            ; post-synthesis    ; MIC1[0]~reg0                           ; N/A                                                                                                                                                            ;
; MIC1[0]              ; pre-synthesis ; connected ; Top                            ; post-synthesis    ; MIC1[0]~reg0                           ; N/A                                                                                                                                                            ;
; MIC1[10]             ; pre-synthesis ; connected ; Top                            ; post-synthesis    ; MIC1[10]~reg0                          ; N/A                                                                                                                                                            ;
; MIC1[10]             ; pre-synthesis ; connected ; Top                            ; post-synthesis    ; MIC1[10]~reg0                          ; N/A                                                                                                                                                            ;
; MIC1[11]             ; pre-synthesis ; connected ; Top                            ; post-synthesis    ; MIC1[11]~reg0                          ; N/A                                                                                                                                                            ;
; MIC1[11]             ; pre-synthesis ; connected ; Top                            ; post-synthesis    ; MIC1[11]~reg0                          ; N/A                                                                                                                                                            ;
; MIC1[1]              ; pre-synthesis ; connected ; Top                            ; post-synthesis    ; MIC1[1]~reg0                           ; N/A                                                                                                                                                            ;
; MIC1[1]              ; pre-synthesis ; connected ; Top                            ; post-synthesis    ; MIC1[1]~reg0                           ; N/A                                                                                                                                                            ;
; MIC1[2]              ; pre-synthesis ; connected ; Top                            ; post-synthesis    ; MIC1[2]~reg0                           ; N/A                                                                                                                                                            ;
; MIC1[2]              ; pre-synthesis ; connected ; Top                            ; post-synthesis    ; MIC1[2]~reg0                           ; N/A                                                                                                                                                            ;
; MIC1[3]              ; pre-synthesis ; connected ; Top                            ; post-synthesis    ; MIC1[3]~reg0                           ; N/A                                                                                                                                                            ;
; MIC1[3]              ; pre-synthesis ; connected ; Top                            ; post-synthesis    ; MIC1[3]~reg0                           ; N/A                                                                                                                                                            ;
; MIC1[4]              ; pre-synthesis ; connected ; Top                            ; post-synthesis    ; MIC1[4]~reg0                           ; N/A                                                                                                                                                            ;
; MIC1[4]              ; pre-synthesis ; connected ; Top                            ; post-synthesis    ; MIC1[4]~reg0                           ; N/A                                                                                                                                                            ;
; MIC1[5]              ; pre-synthesis ; connected ; Top                            ; post-synthesis    ; MIC1[5]~reg0                           ; N/A                                                                                                                                                            ;
; MIC1[5]              ; pre-synthesis ; connected ; Top                            ; post-synthesis    ; MIC1[5]~reg0                           ; N/A                                                                                                                                                            ;
; MIC1[6]              ; pre-synthesis ; connected ; Top                            ; post-synthesis    ; MIC1[6]~reg0                           ; N/A                                                                                                                                                            ;
; MIC1[6]              ; pre-synthesis ; connected ; Top                            ; post-synthesis    ; MIC1[6]~reg0                           ; N/A                                                                                                                                                            ;
; MIC1[7]              ; pre-synthesis ; connected ; Top                            ; post-synthesis    ; MIC1[7]~reg0                           ; N/A                                                                                                                                                            ;
; MIC1[7]              ; pre-synthesis ; connected ; Top                            ; post-synthesis    ; MIC1[7]~reg0                           ; N/A                                                                                                                                                            ;
; MIC1[8]              ; pre-synthesis ; connected ; Top                            ; post-synthesis    ; MIC1[8]~reg0                           ; N/A                                                                                                                                                            ;
; MIC1[8]              ; pre-synthesis ; connected ; Top                            ; post-synthesis    ; MIC1[8]~reg0                           ; N/A                                                                                                                                                            ;
; MIC1[9]              ; pre-synthesis ; connected ; Top                            ; post-synthesis    ; MIC1[9]~reg0                           ; N/A                                                                                                                                                            ;
; MIC1[9]              ; pre-synthesis ; connected ; Top                            ; post-synthesis    ; MIC1[9]~reg0                           ; N/A                                                                                                                                                            ;
; MIC2[0]              ; pre-synthesis ; connected ; Top                            ; post-synthesis    ; MIC2[0]~reg0                           ; N/A                                                                                                                                                            ;
; MIC2[0]              ; pre-synthesis ; connected ; Top                            ; post-synthesis    ; MIC2[0]~reg0                           ; N/A                                                                                                                                                            ;
; MIC2[10]             ; pre-synthesis ; connected ; Top                            ; post-synthesis    ; MIC2[10]~reg0                          ; N/A                                                                                                                                                            ;
; MIC2[10]             ; pre-synthesis ; connected ; Top                            ; post-synthesis    ; MIC2[10]~reg0                          ; N/A                                                                                                                                                            ;
; MIC2[11]             ; pre-synthesis ; connected ; Top                            ; post-synthesis    ; MIC2[11]~reg0                          ; N/A                                                                                                                                                            ;
; MIC2[11]             ; pre-synthesis ; connected ; Top                            ; post-synthesis    ; MIC2[11]~reg0                          ; N/A                                                                                                                                                            ;
; MIC2[1]              ; pre-synthesis ; connected ; Top                            ; post-synthesis    ; MIC2[1]~reg0                           ; N/A                                                                                                                                                            ;
; MIC2[1]              ; pre-synthesis ; connected ; Top                            ; post-synthesis    ; MIC2[1]~reg0                           ; N/A                                                                                                                                                            ;
; MIC2[2]              ; pre-synthesis ; connected ; Top                            ; post-synthesis    ; MIC2[2]~reg0                           ; N/A                                                                                                                                                            ;
; MIC2[2]              ; pre-synthesis ; connected ; Top                            ; post-synthesis    ; MIC2[2]~reg0                           ; N/A                                                                                                                                                            ;
; MIC2[3]              ; pre-synthesis ; connected ; Top                            ; post-synthesis    ; MIC2[3]~reg0                           ; N/A                                                                                                                                                            ;
; MIC2[3]              ; pre-synthesis ; connected ; Top                            ; post-synthesis    ; MIC2[3]~reg0                           ; N/A                                                                                                                                                            ;
; MIC2[4]              ; pre-synthesis ; connected ; Top                            ; post-synthesis    ; MIC2[4]~reg0                           ; N/A                                                                                                                                                            ;
; MIC2[4]              ; pre-synthesis ; connected ; Top                            ; post-synthesis    ; MIC2[4]~reg0                           ; N/A                                                                                                                                                            ;
; MIC2[5]              ; pre-synthesis ; connected ; Top                            ; post-synthesis    ; MIC2[5]~reg0                           ; N/A                                                                                                                                                            ;
; MIC2[5]              ; pre-synthesis ; connected ; Top                            ; post-synthesis    ; MIC2[5]~reg0                           ; N/A                                                                                                                                                            ;
; MIC2[6]              ; pre-synthesis ; connected ; Top                            ; post-synthesis    ; MIC2[6]~reg0                           ; N/A                                                                                                                                                            ;
; MIC2[6]              ; pre-synthesis ; connected ; Top                            ; post-synthesis    ; MIC2[6]~reg0                           ; N/A                                                                                                                                                            ;
; MIC2[7]              ; pre-synthesis ; connected ; Top                            ; post-synthesis    ; MIC2[7]~reg0                           ; N/A                                                                                                                                                            ;
; MIC2[7]              ; pre-synthesis ; connected ; Top                            ; post-synthesis    ; MIC2[7]~reg0                           ; N/A                                                                                                                                                            ;
; MIC2[8]              ; pre-synthesis ; connected ; Top                            ; post-synthesis    ; MIC2[8]~reg0                           ; N/A                                                                                                                                                            ;
; MIC2[8]              ; pre-synthesis ; connected ; Top                            ; post-synthesis    ; MIC2[8]~reg0                           ; N/A                                                                                                                                                            ;
; MIC2[9]              ; pre-synthesis ; connected ; Top                            ; post-synthesis    ; MIC2[9]~reg0                           ; N/A                                                                                                                                                            ;
; MIC2[9]              ; pre-synthesis ; connected ; Top                            ; post-synthesis    ; MIC2[9]~reg0                           ; N/A                                                                                                                                                            ;
; MIC3[0]              ; pre-synthesis ; connected ; Top                            ; post-synthesis    ; MIC3[0]~reg0                           ; N/A                                                                                                                                                            ;
; MIC3[0]              ; pre-synthesis ; connected ; Top                            ; post-synthesis    ; MIC3[0]~reg0                           ; N/A                                                                                                                                                            ;
; MIC3[10]             ; pre-synthesis ; connected ; Top                            ; post-synthesis    ; MIC3[10]~reg0                          ; N/A                                                                                                                                                            ;
; MIC3[10]             ; pre-synthesis ; connected ; Top                            ; post-synthesis    ; MIC3[10]~reg0                          ; N/A                                                                                                                                                            ;
; MIC3[11]             ; pre-synthesis ; connected ; Top                            ; post-synthesis    ; MIC3[11]~reg0                          ; N/A                                                                                                                                                            ;
; MIC3[11]             ; pre-synthesis ; connected ; Top                            ; post-synthesis    ; MIC3[11]~reg0                          ; N/A                                                                                                                                                            ;
; MIC3[1]              ; pre-synthesis ; connected ; Top                            ; post-synthesis    ; MIC3[1]~reg0                           ; N/A                                                                                                                                                            ;
; MIC3[1]              ; pre-synthesis ; connected ; Top                            ; post-synthesis    ; MIC3[1]~reg0                           ; N/A                                                                                                                                                            ;
; MIC3[2]              ; pre-synthesis ; connected ; Top                            ; post-synthesis    ; MIC3[2]~reg0                           ; N/A                                                                                                                                                            ;
; MIC3[2]              ; pre-synthesis ; connected ; Top                            ; post-synthesis    ; MIC3[2]~reg0                           ; N/A                                                                                                                                                            ;
; MIC3[3]              ; pre-synthesis ; connected ; Top                            ; post-synthesis    ; MIC3[3]~reg0                           ; N/A                                                                                                                                                            ;
; MIC3[3]              ; pre-synthesis ; connected ; Top                            ; post-synthesis    ; MIC3[3]~reg0                           ; N/A                                                                                                                                                            ;
; MIC3[4]              ; pre-synthesis ; connected ; Top                            ; post-synthesis    ; MIC3[4]~reg0                           ; N/A                                                                                                                                                            ;
; MIC3[4]              ; pre-synthesis ; connected ; Top                            ; post-synthesis    ; MIC3[4]~reg0                           ; N/A                                                                                                                                                            ;
; MIC3[5]              ; pre-synthesis ; connected ; Top                            ; post-synthesis    ; MIC3[5]~reg0                           ; N/A                                                                                                                                                            ;
; MIC3[5]              ; pre-synthesis ; connected ; Top                            ; post-synthesis    ; MIC3[5]~reg0                           ; N/A                                                                                                                                                            ;
; MIC3[6]              ; pre-synthesis ; connected ; Top                            ; post-synthesis    ; MIC3[6]~reg0                           ; N/A                                                                                                                                                            ;
; MIC3[6]              ; pre-synthesis ; connected ; Top                            ; post-synthesis    ; MIC3[6]~reg0                           ; N/A                                                                                                                                                            ;
; MIC3[7]              ; pre-synthesis ; connected ; Top                            ; post-synthesis    ; MIC3[7]~reg0                           ; N/A                                                                                                                                                            ;
; MIC3[7]              ; pre-synthesis ; connected ; Top                            ; post-synthesis    ; MIC3[7]~reg0                           ; N/A                                                                                                                                                            ;
; MIC3[8]              ; pre-synthesis ; connected ; Top                            ; post-synthesis    ; MIC3[8]~reg0                           ; N/A                                                                                                                                                            ;
; MIC3[8]              ; pre-synthesis ; connected ; Top                            ; post-synthesis    ; MIC3[8]~reg0                           ; N/A                                                                                                                                                            ;
; MIC3[9]              ; pre-synthesis ; connected ; Top                            ; post-synthesis    ; MIC3[9]~reg0                           ; N/A                                                                                                                                                            ;
; MIC3[9]              ; pre-synthesis ; connected ; Top                            ; post-synthesis    ; MIC3[9]~reg0                           ; N/A                                                                                                                                                            ;
; TX                   ; pre-synthesis ; connected ; Top                            ; post-synthesis    ; UART_TX:uart_instance|tx_reg~_wirecell ; N/A                                                                                                                                                            ;
; TX                   ; pre-synthesis ; connected ; Top                            ; post-synthesis    ; UART_TX:uart_instance|tx_reg~_wirecell ; N/A                                                                                                                                                            ;
; adc_out1[0]          ; pre-synthesis ; missing   ; Top                            ; post-synthesis    ; GND                                    ; The name does not exist in your design or refers to an invalid hierarchy or bus element.  You may have modified your design after creating the debug instance. ;
; adc_out1[0]          ; pre-synthesis ; missing   ; Top                            ; post-synthesis    ; GND                                    ; The name does not exist in your design or refers to an invalid hierarchy or bus element.  You may have modified your design after creating the debug instance. ;
; adc_out1[10]         ; pre-synthesis ; missing   ; Top                            ; post-synthesis    ; GND                                    ; The name does not exist in your design or refers to an invalid hierarchy or bus element.  You may have modified your design after creating the debug instance. ;
; adc_out1[10]         ; pre-synthesis ; missing   ; Top                            ; post-synthesis    ; GND                                    ; The name does not exist in your design or refers to an invalid hierarchy or bus element.  You may have modified your design after creating the debug instance. ;
; adc_out1[11]         ; pre-synthesis ; missing   ; Top                            ; post-synthesis    ; GND                                    ; The name does not exist in your design or refers to an invalid hierarchy or bus element.  You may have modified your design after creating the debug instance. ;
; adc_out1[11]         ; pre-synthesis ; missing   ; Top                            ; post-synthesis    ; GND                                    ; The name does not exist in your design or refers to an invalid hierarchy or bus element.  You may have modified your design after creating the debug instance. ;
; adc_out1[1]          ; pre-synthesis ; missing   ; Top                            ; post-synthesis    ; GND                                    ; The name does not exist in your design or refers to an invalid hierarchy or bus element.  You may have modified your design after creating the debug instance. ;
; adc_out1[1]          ; pre-synthesis ; missing   ; Top                            ; post-synthesis    ; GND                                    ; The name does not exist in your design or refers to an invalid hierarchy or bus element.  You may have modified your design after creating the debug instance. ;
; adc_out1[2]          ; pre-synthesis ; missing   ; Top                            ; post-synthesis    ; GND                                    ; The name does not exist in your design or refers to an invalid hierarchy or bus element.  You may have modified your design after creating the debug instance. ;
; adc_out1[2]          ; pre-synthesis ; missing   ; Top                            ; post-synthesis    ; GND                                    ; The name does not exist in your design or refers to an invalid hierarchy or bus element.  You may have modified your design after creating the debug instance. ;
; adc_out1[3]          ; pre-synthesis ; missing   ; Top                            ; post-synthesis    ; GND                                    ; The name does not exist in your design or refers to an invalid hierarchy or bus element.  You may have modified your design after creating the debug instance. ;
; adc_out1[3]          ; pre-synthesis ; missing   ; Top                            ; post-synthesis    ; GND                                    ; The name does not exist in your design or refers to an invalid hierarchy or bus element.  You may have modified your design after creating the debug instance. ;
; adc_out1[4]          ; pre-synthesis ; missing   ; Top                            ; post-synthesis    ; GND                                    ; The name does not exist in your design or refers to an invalid hierarchy or bus element.  You may have modified your design after creating the debug instance. ;
; adc_out1[4]          ; pre-synthesis ; missing   ; Top                            ; post-synthesis    ; GND                                    ; The name does not exist in your design or refers to an invalid hierarchy or bus element.  You may have modified your design after creating the debug instance. ;
; adc_out1[5]          ; pre-synthesis ; missing   ; Top                            ; post-synthesis    ; GND                                    ; The name does not exist in your design or refers to an invalid hierarchy or bus element.  You may have modified your design after creating the debug instance. ;
; adc_out1[5]          ; pre-synthesis ; missing   ; Top                            ; post-synthesis    ; GND                                    ; The name does not exist in your design or refers to an invalid hierarchy or bus element.  You may have modified your design after creating the debug instance. ;
; adc_out1[6]          ; pre-synthesis ; missing   ; Top                            ; post-synthesis    ; GND                                    ; The name does not exist in your design or refers to an invalid hierarchy or bus element.  You may have modified your design after creating the debug instance. ;
; adc_out1[6]          ; pre-synthesis ; missing   ; Top                            ; post-synthesis    ; GND                                    ; The name does not exist in your design or refers to an invalid hierarchy or bus element.  You may have modified your design after creating the debug instance. ;
; adc_out1[7]          ; pre-synthesis ; missing   ; Top                            ; post-synthesis    ; GND                                    ; The name does not exist in your design or refers to an invalid hierarchy or bus element.  You may have modified your design after creating the debug instance. ;
; adc_out1[7]          ; pre-synthesis ; missing   ; Top                            ; post-synthesis    ; GND                                    ; The name does not exist in your design or refers to an invalid hierarchy or bus element.  You may have modified your design after creating the debug instance. ;
; adc_out1[8]          ; pre-synthesis ; missing   ; Top                            ; post-synthesis    ; GND                                    ; The name does not exist in your design or refers to an invalid hierarchy or bus element.  You may have modified your design after creating the debug instance. ;
; adc_out1[8]          ; pre-synthesis ; missing   ; Top                            ; post-synthesis    ; GND                                    ; The name does not exist in your design or refers to an invalid hierarchy or bus element.  You may have modified your design after creating the debug instance. ;
; adc_out1[9]          ; pre-synthesis ; missing   ; Top                            ; post-synthesis    ; GND                                    ; The name does not exist in your design or refers to an invalid hierarchy or bus element.  You may have modified your design after creating the debug instance. ;
; adc_out1[9]          ; pre-synthesis ; missing   ; Top                            ; post-synthesis    ; GND                                    ; The name does not exist in your design or refers to an invalid hierarchy or bus element.  You may have modified your design after creating the debug instance. ;
; adc_out2[0]          ; pre-synthesis ; missing   ; Top                            ; post-synthesis    ; GND                                    ; The name does not exist in your design or refers to an invalid hierarchy or bus element.  You may have modified your design after creating the debug instance. ;
; adc_out2[0]          ; pre-synthesis ; missing   ; Top                            ; post-synthesis    ; GND                                    ; The name does not exist in your design or refers to an invalid hierarchy or bus element.  You may have modified your design after creating the debug instance. ;
; adc_out2[10]         ; pre-synthesis ; missing   ; Top                            ; post-synthesis    ; GND                                    ; The name does not exist in your design or refers to an invalid hierarchy or bus element.  You may have modified your design after creating the debug instance. ;
; adc_out2[10]         ; pre-synthesis ; missing   ; Top                            ; post-synthesis    ; GND                                    ; The name does not exist in your design or refers to an invalid hierarchy or bus element.  You may have modified your design after creating the debug instance. ;
; adc_out2[11]         ; pre-synthesis ; missing   ; Top                            ; post-synthesis    ; GND                                    ; The name does not exist in your design or refers to an invalid hierarchy or bus element.  You may have modified your design after creating the debug instance. ;
; adc_out2[11]         ; pre-synthesis ; missing   ; Top                            ; post-synthesis    ; GND                                    ; The name does not exist in your design or refers to an invalid hierarchy or bus element.  You may have modified your design after creating the debug instance. ;
; adc_out2[1]          ; pre-synthesis ; missing   ; Top                            ; post-synthesis    ; GND                                    ; The name does not exist in your design or refers to an invalid hierarchy or bus element.  You may have modified your design after creating the debug instance. ;
; adc_out2[1]          ; pre-synthesis ; missing   ; Top                            ; post-synthesis    ; GND                                    ; The name does not exist in your design or refers to an invalid hierarchy or bus element.  You may have modified your design after creating the debug instance. ;
; adc_out2[2]          ; pre-synthesis ; missing   ; Top                            ; post-synthesis    ; GND                                    ; The name does not exist in your design or refers to an invalid hierarchy or bus element.  You may have modified your design after creating the debug instance. ;
; adc_out2[2]          ; pre-synthesis ; missing   ; Top                            ; post-synthesis    ; GND                                    ; The name does not exist in your design or refers to an invalid hierarchy or bus element.  You may have modified your design after creating the debug instance. ;
; adc_out2[3]          ; pre-synthesis ; missing   ; Top                            ; post-synthesis    ; GND                                    ; The name does not exist in your design or refers to an invalid hierarchy or bus element.  You may have modified your design after creating the debug instance. ;
; adc_out2[3]          ; pre-synthesis ; missing   ; Top                            ; post-synthesis    ; GND                                    ; The name does not exist in your design or refers to an invalid hierarchy or bus element.  You may have modified your design after creating the debug instance. ;
; adc_out2[4]          ; pre-synthesis ; missing   ; Top                            ; post-synthesis    ; GND                                    ; The name does not exist in your design or refers to an invalid hierarchy or bus element.  You may have modified your design after creating the debug instance. ;
; adc_out2[4]          ; pre-synthesis ; missing   ; Top                            ; post-synthesis    ; GND                                    ; The name does not exist in your design or refers to an invalid hierarchy or bus element.  You may have modified your design after creating the debug instance. ;
; adc_out2[5]          ; pre-synthesis ; missing   ; Top                            ; post-synthesis    ; GND                                    ; The name does not exist in your design or refers to an invalid hierarchy or bus element.  You may have modified your design after creating the debug instance. ;
; adc_out2[5]          ; pre-synthesis ; missing   ; Top                            ; post-synthesis    ; GND                                    ; The name does not exist in your design or refers to an invalid hierarchy or bus element.  You may have modified your design after creating the debug instance. ;
; adc_out2[6]          ; pre-synthesis ; missing   ; Top                            ; post-synthesis    ; GND                                    ; The name does not exist in your design or refers to an invalid hierarchy or bus element.  You may have modified your design after creating the debug instance. ;
; adc_out2[6]          ; pre-synthesis ; missing   ; Top                            ; post-synthesis    ; GND                                    ; The name does not exist in your design or refers to an invalid hierarchy or bus element.  You may have modified your design after creating the debug instance. ;
; adc_out2[7]          ; pre-synthesis ; missing   ; Top                            ; post-synthesis    ; GND                                    ; The name does not exist in your design or refers to an invalid hierarchy or bus element.  You may have modified your design after creating the debug instance. ;
; adc_out2[7]          ; pre-synthesis ; missing   ; Top                            ; post-synthesis    ; GND                                    ; The name does not exist in your design or refers to an invalid hierarchy or bus element.  You may have modified your design after creating the debug instance. ;
; adc_out2[8]          ; pre-synthesis ; missing   ; Top                            ; post-synthesis    ; GND                                    ; The name does not exist in your design or refers to an invalid hierarchy or bus element.  You may have modified your design after creating the debug instance. ;
; adc_out2[8]          ; pre-synthesis ; missing   ; Top                            ; post-synthesis    ; GND                                    ; The name does not exist in your design or refers to an invalid hierarchy or bus element.  You may have modified your design after creating the debug instance. ;
; adc_out2[9]          ; pre-synthesis ; missing   ; Top                            ; post-synthesis    ; GND                                    ; The name does not exist in your design or refers to an invalid hierarchy or bus element.  You may have modified your design after creating the debug instance. ;
; adc_out2[9]          ; pre-synthesis ; missing   ; Top                            ; post-synthesis    ; GND                                    ; The name does not exist in your design or refers to an invalid hierarchy or bus element.  You may have modified your design after creating the debug instance. ;
; adc_out3[0]          ; pre-synthesis ; missing   ; Top                            ; post-synthesis    ; GND                                    ; The name does not exist in your design or refers to an invalid hierarchy or bus element.  You may have modified your design after creating the debug instance. ;
; adc_out3[0]          ; pre-synthesis ; missing   ; Top                            ; post-synthesis    ; GND                                    ; The name does not exist in your design or refers to an invalid hierarchy or bus element.  You may have modified your design after creating the debug instance. ;
; adc_out3[10]         ; pre-synthesis ; missing   ; Top                            ; post-synthesis    ; GND                                    ; The name does not exist in your design or refers to an invalid hierarchy or bus element.  You may have modified your design after creating the debug instance. ;
; adc_out3[10]         ; pre-synthesis ; missing   ; Top                            ; post-synthesis    ; GND                                    ; The name does not exist in your design or refers to an invalid hierarchy or bus element.  You may have modified your design after creating the debug instance. ;
; adc_out3[11]         ; pre-synthesis ; missing   ; Top                            ; post-synthesis    ; GND                                    ; The name does not exist in your design or refers to an invalid hierarchy or bus element.  You may have modified your design after creating the debug instance. ;
; adc_out3[11]         ; pre-synthesis ; missing   ; Top                            ; post-synthesis    ; GND                                    ; The name does not exist in your design or refers to an invalid hierarchy or bus element.  You may have modified your design after creating the debug instance. ;
; adc_out3[1]          ; pre-synthesis ; missing   ; Top                            ; post-synthesis    ; GND                                    ; The name does not exist in your design or refers to an invalid hierarchy or bus element.  You may have modified your design after creating the debug instance. ;
; adc_out3[1]          ; pre-synthesis ; missing   ; Top                            ; post-synthesis    ; GND                                    ; The name does not exist in your design or refers to an invalid hierarchy or bus element.  You may have modified your design after creating the debug instance. ;
; adc_out3[2]          ; pre-synthesis ; missing   ; Top                            ; post-synthesis    ; GND                                    ; The name does not exist in your design or refers to an invalid hierarchy or bus element.  You may have modified your design after creating the debug instance. ;
; adc_out3[2]          ; pre-synthesis ; missing   ; Top                            ; post-synthesis    ; GND                                    ; The name does not exist in your design or refers to an invalid hierarchy or bus element.  You may have modified your design after creating the debug instance. ;
; adc_out3[3]          ; pre-synthesis ; missing   ; Top                            ; post-synthesis    ; GND                                    ; The name does not exist in your design or refers to an invalid hierarchy or bus element.  You may have modified your design after creating the debug instance. ;
; adc_out3[3]          ; pre-synthesis ; missing   ; Top                            ; post-synthesis    ; GND                                    ; The name does not exist in your design or refers to an invalid hierarchy or bus element.  You may have modified your design after creating the debug instance. ;
; adc_out3[4]          ; pre-synthesis ; missing   ; Top                            ; post-synthesis    ; GND                                    ; The name does not exist in your design or refers to an invalid hierarchy or bus element.  You may have modified your design after creating the debug instance. ;
; adc_out3[4]          ; pre-synthesis ; missing   ; Top                            ; post-synthesis    ; GND                                    ; The name does not exist in your design or refers to an invalid hierarchy or bus element.  You may have modified your design after creating the debug instance. ;
; adc_out3[5]          ; pre-synthesis ; missing   ; Top                            ; post-synthesis    ; GND                                    ; The name does not exist in your design or refers to an invalid hierarchy or bus element.  You may have modified your design after creating the debug instance. ;
; adc_out3[5]          ; pre-synthesis ; missing   ; Top                            ; post-synthesis    ; GND                                    ; The name does not exist in your design or refers to an invalid hierarchy or bus element.  You may have modified your design after creating the debug instance. ;
; adc_out3[6]          ; pre-synthesis ; missing   ; Top                            ; post-synthesis    ; GND                                    ; The name does not exist in your design or refers to an invalid hierarchy or bus element.  You may have modified your design after creating the debug instance. ;
; adc_out3[6]          ; pre-synthesis ; missing   ; Top                            ; post-synthesis    ; GND                                    ; The name does not exist in your design or refers to an invalid hierarchy or bus element.  You may have modified your design after creating the debug instance. ;
; adc_out3[7]          ; pre-synthesis ; missing   ; Top                            ; post-synthesis    ; GND                                    ; The name does not exist in your design or refers to an invalid hierarchy or bus element.  You may have modified your design after creating the debug instance. ;
; adc_out3[7]          ; pre-synthesis ; missing   ; Top                            ; post-synthesis    ; GND                                    ; The name does not exist in your design or refers to an invalid hierarchy or bus element.  You may have modified your design after creating the debug instance. ;
; adc_out3[8]          ; pre-synthesis ; missing   ; Top                            ; post-synthesis    ; GND                                    ; The name does not exist in your design or refers to an invalid hierarchy or bus element.  You may have modified your design after creating the debug instance. ;
; adc_out3[8]          ; pre-synthesis ; missing   ; Top                            ; post-synthesis    ; GND                                    ; The name does not exist in your design or refers to an invalid hierarchy or bus element.  You may have modified your design after creating the debug instance. ;
; adc_out3[9]          ; pre-synthesis ; missing   ; Top                            ; post-synthesis    ; GND                                    ; The name does not exist in your design or refers to an invalid hierarchy or bus element.  You may have modified your design after creating the debug instance. ;
; adc_out3[9]          ; pre-synthesis ; missing   ; Top                            ; post-synthesis    ; GND                                    ; The name does not exist in your design or refers to an invalid hierarchy or bus element.  You may have modified your design after creating the debug instance. ;
; debug_bit[0]         ; pre-synthesis ; missing   ; Top                            ; post-synthesis    ; GND                                    ; The name does not exist in your design or refers to an invalid hierarchy or bus element.  You may have modified your design after creating the debug instance. ;
; debug_bit[0]         ; pre-synthesis ; missing   ; Top                            ; post-synthesis    ; GND                                    ; The name does not exist in your design or refers to an invalid hierarchy or bus element.  You may have modified your design after creating the debug instance. ;
; debug_bit[1]         ; pre-synthesis ; missing   ; Top                            ; post-synthesis    ; GND                                    ; The name does not exist in your design or refers to an invalid hierarchy or bus element.  You may have modified your design after creating the debug instance. ;
; debug_bit[1]         ; pre-synthesis ; missing   ; Top                            ; post-synthesis    ; GND                                    ; The name does not exist in your design or refers to an invalid hierarchy or bus element.  You may have modified your design after creating the debug instance. ;
; debug_bit[2]         ; pre-synthesis ; missing   ; Top                            ; post-synthesis    ; GND                                    ; The name does not exist in your design or refers to an invalid hierarchy or bus element.  You may have modified your design after creating the debug instance. ;
; debug_bit[2]         ; pre-synthesis ; missing   ; Top                            ; post-synthesis    ; GND                                    ; The name does not exist in your design or refers to an invalid hierarchy or bus element.  You may have modified your design after creating the debug instance. ;
; debug_byte[0]        ; pre-synthesis ; missing   ; Top                            ; post-synthesis    ; GND                                    ; The name does not exist in your design or refers to an invalid hierarchy or bus element.  You may have modified your design after creating the debug instance. ;
; debug_byte[0]        ; pre-synthesis ; missing   ; Top                            ; post-synthesis    ; GND                                    ; The name does not exist in your design or refers to an invalid hierarchy or bus element.  You may have modified your design after creating the debug instance. ;
; debug_byte[1]        ; pre-synthesis ; missing   ; Top                            ; post-synthesis    ; GND                                    ; The name does not exist in your design or refers to an invalid hierarchy or bus element.  You may have modified your design after creating the debug instance. ;
; debug_byte[1]        ; pre-synthesis ; missing   ; Top                            ; post-synthesis    ; GND                                    ; The name does not exist in your design or refers to an invalid hierarchy or bus element.  You may have modified your design after creating the debug instance. ;
; debug_byte[2]        ; pre-synthesis ; missing   ; Top                            ; post-synthesis    ; GND                                    ; The name does not exist in your design or refers to an invalid hierarchy or bus element.  You may have modified your design after creating the debug instance. ;
; debug_byte[2]        ; pre-synthesis ; missing   ; Top                            ; post-synthesis    ; GND                                    ; The name does not exist in your design or refers to an invalid hierarchy or bus element.  You may have modified your design after creating the debug instance. ;
; CLK                  ; post-fitting  ; connected ; Top                            ; post-synthesis    ; CLK                                    ; N/A                                                                                                                                                            ;
; auto_signaltap_0|gnd ; post-fitting  ; connected ; sld_signaltap:auto_signaltap_0 ; post-synthesis    ; sld_signaltap:auto_signaltap_0|~GND    ; N/A                                                                                                                                                            ;
; auto_signaltap_0|gnd ; post-fitting  ; connected ; sld_signaltap:auto_signaltap_0 ; post-synthesis    ; sld_signaltap:auto_signaltap_0|~GND    ; N/A                                                                                                                                                            ;
; auto_signaltap_0|gnd ; post-fitting  ; connected ; sld_signaltap:auto_signaltap_0 ; post-synthesis    ; sld_signaltap:auto_signaltap_0|~GND    ; N/A                                                                                                                                                            ;
; auto_signaltap_0|gnd ; post-fitting  ; connected ; sld_signaltap:auto_signaltap_0 ; post-synthesis    ; sld_signaltap:auto_signaltap_0|~GND    ; N/A                                                                                                                                                            ;
; auto_signaltap_0|gnd ; post-fitting  ; connected ; sld_signaltap:auto_signaltap_0 ; post-synthesis    ; sld_signaltap:auto_signaltap_0|~GND    ; N/A                                                                                                                                                            ;
; auto_signaltap_0|gnd ; post-fitting  ; connected ; sld_signaltap:auto_signaltap_0 ; post-synthesis    ; sld_signaltap:auto_signaltap_0|~GND    ; N/A                                                                                                                                                            ;
; auto_signaltap_0|gnd ; post-fitting  ; connected ; sld_signaltap:auto_signaltap_0 ; post-synthesis    ; sld_signaltap:auto_signaltap_0|~GND    ; N/A                                                                                                                                                            ;
; auto_signaltap_0|gnd ; post-fitting  ; connected ; sld_signaltap:auto_signaltap_0 ; post-synthesis    ; sld_signaltap:auto_signaltap_0|~GND    ; N/A                                                                                                                                                            ;
; auto_signaltap_0|gnd ; post-fitting  ; connected ; sld_signaltap:auto_signaltap_0 ; post-synthesis    ; sld_signaltap:auto_signaltap_0|~GND    ; N/A                                                                                                                                                            ;
; auto_signaltap_0|gnd ; post-fitting  ; connected ; sld_signaltap:auto_signaltap_0 ; post-synthesis    ; sld_signaltap:auto_signaltap_0|~GND    ; N/A                                                                                                                                                            ;
; auto_signaltap_0|gnd ; post-fitting  ; connected ; sld_signaltap:auto_signaltap_0 ; post-synthesis    ; sld_signaltap:auto_signaltap_0|~GND    ; N/A                                                                                                                                                            ;
; auto_signaltap_0|gnd ; post-fitting  ; connected ; sld_signaltap:auto_signaltap_0 ; post-synthesis    ; sld_signaltap:auto_signaltap_0|~GND    ; N/A                                                                                                                                                            ;
; auto_signaltap_0|gnd ; post-fitting  ; connected ; sld_signaltap:auto_signaltap_0 ; post-synthesis    ; sld_signaltap:auto_signaltap_0|~GND    ; N/A                                                                                                                                                            ;
; auto_signaltap_0|gnd ; post-fitting  ; connected ; sld_signaltap:auto_signaltap_0 ; post-synthesis    ; sld_signaltap:auto_signaltap_0|~GND    ; N/A                                                                                                                                                            ;
; auto_signaltap_0|gnd ; post-fitting  ; connected ; sld_signaltap:auto_signaltap_0 ; post-synthesis    ; sld_signaltap:auto_signaltap_0|~GND    ; N/A                                                                                                                                                            ;
; auto_signaltap_0|gnd ; post-fitting  ; connected ; sld_signaltap:auto_signaltap_0 ; post-synthesis    ; sld_signaltap:auto_signaltap_0|~GND    ; N/A                                                                                                                                                            ;
; auto_signaltap_0|vcc ; post-fitting  ; connected ; sld_signaltap:auto_signaltap_0 ; post-synthesis    ; sld_signaltap:auto_signaltap_0|~VCC    ; N/A                                                                                                                                                            ;
; auto_signaltap_0|vcc ; post-fitting  ; connected ; sld_signaltap:auto_signaltap_0 ; post-synthesis    ; sld_signaltap:auto_signaltap_0|~VCC    ; N/A                                                                                                                                                            ;
; auto_signaltap_0|vcc ; post-fitting  ; connected ; sld_signaltap:auto_signaltap_0 ; post-synthesis    ; sld_signaltap:auto_signaltap_0|~VCC    ; N/A                                                                                                                                                            ;
; auto_signaltap_0|vcc ; post-fitting  ; connected ; sld_signaltap:auto_signaltap_0 ; post-synthesis    ; sld_signaltap:auto_signaltap_0|~VCC    ; N/A                                                                                                                                                            ;
; auto_signaltap_0|vcc ; post-fitting  ; connected ; sld_signaltap:auto_signaltap_0 ; post-synthesis    ; sld_signaltap:auto_signaltap_0|~VCC    ; N/A                                                                                                                                                            ;
; auto_signaltap_0|vcc ; post-fitting  ; connected ; sld_signaltap:auto_signaltap_0 ; post-synthesis    ; sld_signaltap:auto_signaltap_0|~VCC    ; N/A                                                                                                                                                            ;
; auto_signaltap_0|vcc ; post-fitting  ; connected ; sld_signaltap:auto_signaltap_0 ; post-synthesis    ; sld_signaltap:auto_signaltap_0|~VCC    ; N/A                                                                                                                                                            ;
; auto_signaltap_0|vcc ; post-fitting  ; connected ; sld_signaltap:auto_signaltap_0 ; post-synthesis    ; sld_signaltap:auto_signaltap_0|~VCC    ; N/A                                                                                                                                                            ;
; auto_signaltap_0|vcc ; post-fitting  ; connected ; sld_signaltap:auto_signaltap_0 ; post-synthesis    ; sld_signaltap:auto_signaltap_0|~VCC    ; N/A                                                                                                                                                            ;
; auto_signaltap_0|vcc ; post-fitting  ; connected ; sld_signaltap:auto_signaltap_0 ; post-synthesis    ; sld_signaltap:auto_signaltap_0|~VCC    ; N/A                                                                                                                                                            ;
; auto_signaltap_0|vcc ; post-fitting  ; connected ; sld_signaltap:auto_signaltap_0 ; post-synthesis    ; sld_signaltap:auto_signaltap_0|~VCC    ; N/A                                                                                                                                                            ;
; auto_signaltap_0|vcc ; post-fitting  ; connected ; sld_signaltap:auto_signaltap_0 ; post-synthesis    ; sld_signaltap:auto_signaltap_0|~VCC    ; N/A                                                                                                                                                            ;
; auto_signaltap_0|vcc ; post-fitting  ; connected ; sld_signaltap:auto_signaltap_0 ; post-synthesis    ; sld_signaltap:auto_signaltap_0|~VCC    ; N/A                                                                                                                                                            ;
; auto_signaltap_0|vcc ; post-fitting  ; connected ; sld_signaltap:auto_signaltap_0 ; post-synthesis    ; sld_signaltap:auto_signaltap_0|~VCC    ; N/A                                                                                                                                                            ;
; auto_signaltap_0|vcc ; post-fitting  ; connected ; sld_signaltap:auto_signaltap_0 ; post-synthesis    ; sld_signaltap:auto_signaltap_0|~VCC    ; N/A                                                                                                                                                            ;
; auto_signaltap_0|vcc ; post-fitting  ; connected ; sld_signaltap:auto_signaltap_0 ; post-synthesis    ; sld_signaltap:auto_signaltap_0|~VCC    ; N/A                                                                                                                                                            ;
+----------------------+---------------+-----------+--------------------------------+-------------------+----------------------------------------+----------------------------------------------------------------------------------------------------------------------------------------------------------------+


+-----------------------------------------------------------------------------------------------------------------------------------------+
; Partition Merge Partition Statistics                                                                                                    ;
+---------------------------------------------+------+------------------+--------------------------------+--------------------------------+
; Statistic                                   ; Top  ; sld_hub:auto_hub ; sld_signaltap:auto_signaltap_0 ; hard_block:auto_generated_inst ;
+---------------------------------------------+------+------------------+--------------------------------+--------------------------------+
; Estimated Total logic elements              ; 308  ; 150              ; 1766                           ; 0                              ;
;                                             ;      ;                  ;                                ;                                ;
; Total combinational functions               ; 187  ; 124              ; 629                            ; 0                              ;
; Logic element usage by number of LUT inputs ;      ;                  ;                                ;                                ;
;     -- 4 input functions                    ; 64   ; 55               ; 302                            ; 0                              ;
;     -- 3 input functions                    ; 37   ; 33               ; 193                            ; 0                              ;
;     -- <=2 input functions                  ; 86   ; 36               ; 134                            ; 0                              ;
;                                             ;      ;                  ;                                ;                                ;
; Logic elements by mode                      ;      ;                  ;                                ;                                ;
;     -- normal mode                          ; 144  ; 116              ; 540                            ; 0                              ;
;     -- arithmetic mode                      ; 43   ; 8                ; 89                             ; 0                              ;
;                                             ;      ;                  ;                                ;                                ;
; Total registers                             ; 211  ; 90               ; 1532                           ; 0                              ;
;     -- Dedicated logic registers            ; 211  ; 90               ; 1532                           ; 0                              ;
;     -- I/O registers                        ; 0    ; 0                ; 0                              ; 0                              ;
;                                             ;      ;                  ;                                ;                                ;
; Virtual pins                                ; 0    ; 0                ; 0                              ; 0                              ;
; I/O pins                                    ; 44   ; 0                ; 0                              ; 0                              ;
; Embedded Multiplier 9-bit elements          ; 0    ; 0                ; 0                              ; 0                              ;
; Total memory bits                           ; 0    ; 0                ; 323584                         ; 0                              ;
; Total RAM block bits                        ; 0    ; 0                ; 0                              ; 0                              ;
; JTAG                                        ; 1    ; 0                ; 0                              ; 0                              ;
;                                             ;      ;                  ;                                ;                                ;
; Connections                                 ;      ;                  ;                                ;                                ;
;     -- Input Connections                    ; 1    ; 133              ; 2105                           ; 0                              ;
;     -- Registered Input Connections         ; 0    ; 101              ; 1724                           ; 0                              ;
;     -- Output Connections                   ; 1975 ; 230              ; 34                             ; 0                              ;
;     -- Registered Output Connections        ; 72   ; 230              ; 0                              ; 0                              ;
;                                             ;      ;                  ;                                ;                                ;
; Internal Connections                        ;      ;                  ;                                ;                                ;
;     -- Total Connections                    ; 3371 ; 909              ; 8588                           ; 0                              ;
;     -- Registered Connections               ; 668  ; 685              ; 6544                           ; 0                              ;
;                                             ;      ;                  ;                                ;                                ;
; External Connections                        ;      ;                  ;                                ;                                ;
;     -- Top                                  ; 0    ; 122              ; 1854                           ; 0                              ;
;     -- sld_hub:auto_hub                     ; 122  ; 20               ; 221                            ; 0                              ;
;     -- sld_signaltap:auto_signaltap_0       ; 1854 ; 221              ; 64                             ; 0                              ;
;     -- hard_block:auto_generated_inst       ; 0    ; 0                ; 0                              ; 0                              ;
;                                             ;      ;                  ;                                ;                                ;
; Partition Interface                         ;      ;                  ;                                ;                                ;
;     -- Input Ports                          ; 6    ; 45               ; 306                            ; 0                              ;
;     -- Output Ports                         ; 42   ; 62               ; 173                            ; 0                              ;
;     -- Bidir Ports                          ; 0    ; 0                ; 0                              ; 0                              ;
;                                             ;      ;                  ;                                ;                                ;
; Registered Ports                            ;      ;                  ;                                ;                                ;
;     -- Registered Input Ports               ; 0    ; 4                ; 164                            ; 0                              ;
;     -- Registered Output Ports              ; 0    ; 29               ; 159                            ; 0                              ;
;                                             ;      ;                  ;                                ;                                ;
; Port Connectivity                           ;      ;                  ;                                ;                                ;
;     -- Input Ports driven by GND            ; 0    ; 0                ; 100                            ; 0                              ;
;     -- Output Ports driven by GND           ; 0    ; 28               ; 2                              ; 0                              ;
;     -- Input Ports driven by VCC            ; 0    ; 0                ; 16                             ; 0                              ;
;     -- Output Ports driven by VCC           ; 0    ; 0                ; 1                              ; 0                              ;
;     -- Input Ports with no Source           ; 0    ; 25               ; 83                             ; 0                              ;
;     -- Output Ports with no Source          ; 0    ; 0                ; 0                              ; 0                              ;
;     -- Input Ports with no Fanout           ; 0    ; 30               ; 97                             ; 0                              ;
;     -- Output Ports with no Fanout          ; 0    ; 29               ; 161                            ; 0                              ;
+---------------------------------------------+------+------------------+--------------------------------+--------------------------------+
Note: Resource usage numbers presented for Partitions containing post-synthesis logic are estimates.  For Partitions containing post-fit logic, resource usage numbers are accurate based on previous placement information.  Actual Fitter results may vary depending on current Fitter Preservation Level assignments.


+----------------------------------------------------------------------------------------+
; Partition Merge Partition Pin Processing                                               ;
+-----------------------------------+-----------+---------------+----------+-------------+
; Name                              ; Partition ; Type          ; Location ; Status      ;
+-----------------------------------+-----------+---------------+----------+-------------+
; ADC_CSN                           ; Top       ; Output Port   ; n/a      ;             ;
;     -- ADC_CSN                    ; Top       ; Output Pad    ; Unplaced ; Synthesized ;
;     -- ADC_CSN~output             ; Top       ; Output Buffer ; Unplaced ; Synthesized ;
;                                   ;           ;               ;          ;             ;
; ADC_MISO                          ; Top       ; Input Port    ; n/a      ;             ;
;     -- ADC_MISO                   ; Top       ; Input Pad     ; Unplaced ; Synthesized ;
;     -- ADC_MISO~input             ; Top       ; Input Buffer  ; Unplaced ; Synthesized ;
;                                   ;           ;               ;          ;             ;
; ADC_MOSI                          ; Top       ; Output Port   ; n/a      ;             ;
;     -- ADC_MOSI                   ; Top       ; Output Pad    ; Unplaced ; Synthesized ;
;     -- ADC_MOSI~output            ; Top       ; Output Buffer ; Unplaced ; Synthesized ;
;                                   ;           ;               ;          ;             ;
; ADC_SCLK                          ; Top       ; Output Port   ; n/a      ;             ;
;     -- ADC_SCLK                   ; Top       ; Output Pad    ; Unplaced ; Synthesized ;
;     -- ADC_SCLK~output            ; Top       ; Output Buffer ; Unplaced ; Synthesized ;
;                                   ;           ;               ;          ;             ;
; CLK                               ; Top       ; Input Port    ; n/a      ;             ;
;     -- CLK                        ; Top       ; Input Pad     ; Unplaced ; Synthesized ;
;     -- CLK~input                  ; Top       ; Input Buffer  ; Unplaced ; Synthesized ;
;                                   ;           ;               ;          ;             ;
; MIC1[0]                           ; Top       ; Output Port   ; n/a      ;             ;
;     -- MIC1[0]                    ; Top       ; Output Pad    ; Unplaced ; Synthesized ;
;     -- MIC1[0]~output             ; Top       ; Output Buffer ; Unplaced ; Synthesized ;
;                                   ;           ;               ;          ;             ;
; MIC1[10]                          ; Top       ; Output Port   ; n/a      ;             ;
;     -- MIC1[10]                   ; Top       ; Output Pad    ; Unplaced ; Synthesized ;
;     -- MIC1[10]~output            ; Top       ; Output Buffer ; Unplaced ; Synthesized ;
;                                   ;           ;               ;          ;             ;
; MIC1[11]                          ; Top       ; Output Port   ; n/a      ;             ;
;     -- MIC1[11]                   ; Top       ; Output Pad    ; Unplaced ; Synthesized ;
;     -- MIC1[11]~output            ; Top       ; Output Buffer ; Unplaced ; Synthesized ;
;                                   ;           ;               ;          ;             ;
; MIC1[1]                           ; Top       ; Output Port   ; n/a      ;             ;
;     -- MIC1[1]                    ; Top       ; Output Pad    ; Unplaced ; Synthesized ;
;     -- MIC1[1]~output             ; Top       ; Output Buffer ; Unplaced ; Synthesized ;
;                                   ;           ;               ;          ;             ;
; MIC1[2]                           ; Top       ; Output Port   ; n/a      ;             ;
;     -- MIC1[2]                    ; Top       ; Output Pad    ; Unplaced ; Synthesized ;
;     -- MIC1[2]~output             ; Top       ; Output Buffer ; Unplaced ; Synthesized ;
;                                   ;           ;               ;          ;             ;
; MIC1[3]                           ; Top       ; Output Port   ; n/a      ;             ;
;     -- MIC1[3]                    ; Top       ; Output Pad    ; Unplaced ; Synthesized ;
;     -- MIC1[3]~output             ; Top       ; Output Buffer ; Unplaced ; Synthesized ;
;                                   ;           ;               ;          ;             ;
; MIC1[4]                           ; Top       ; Output Port   ; n/a      ;             ;
;     -- MIC1[4]                    ; Top       ; Output Pad    ; Unplaced ; Synthesized ;
;     -- MIC1[4]~output             ; Top       ; Output Buffer ; Unplaced ; Synthesized ;
;                                   ;           ;               ;          ;             ;
; MIC1[5]                           ; Top       ; Output Port   ; n/a      ;             ;
;     -- MIC1[5]                    ; Top       ; Output Pad    ; Unplaced ; Synthesized ;
;     -- MIC1[5]~output             ; Top       ; Output Buffer ; Unplaced ; Synthesized ;
;                                   ;           ;               ;          ;             ;
; MIC1[6]                           ; Top       ; Output Port   ; n/a      ;             ;
;     -- MIC1[6]                    ; Top       ; Output Pad    ; Unplaced ; Synthesized ;
;     -- MIC1[6]~output             ; Top       ; Output Buffer ; Unplaced ; Synthesized ;
;                                   ;           ;               ;          ;             ;
; MIC1[7]                           ; Top       ; Output Port   ; n/a      ;             ;
;     -- MIC1[7]                    ; Top       ; Output Pad    ; Unplaced ; Synthesized ;
;     -- MIC1[7]~output             ; Top       ; Output Buffer ; Unplaced ; Synthesized ;
;                                   ;           ;               ;          ;             ;
; MIC1[8]                           ; Top       ; Output Port   ; n/a      ;             ;
;     -- MIC1[8]                    ; Top       ; Output Pad    ; Unplaced ; Synthesized ;
;     -- MIC1[8]~output             ; Top       ; Output Buffer ; Unplaced ; Synthesized ;
;                                   ;           ;               ;          ;             ;
; MIC1[9]                           ; Top       ; Output Port   ; n/a      ;             ;
;     -- MIC1[9]                    ; Top       ; Output Pad    ; Unplaced ; Synthesized ;
;     -- MIC1[9]~output             ; Top       ; Output Buffer ; Unplaced ; Synthesized ;
;                                   ;           ;               ;          ;             ;
; MIC2[0]                           ; Top       ; Output Port   ; n/a      ;             ;
;     -- MIC2[0]                    ; Top       ; Output Pad    ; Unplaced ; Synthesized ;
;     -- MIC2[0]~output             ; Top       ; Output Buffer ; Unplaced ; Synthesized ;
;                                   ;           ;               ;          ;             ;
; MIC2[10]                          ; Top       ; Output Port   ; n/a      ;             ;
;     -- MIC2[10]                   ; Top       ; Output Pad    ; Unplaced ; Synthesized ;
;     -- MIC2[10]~output            ; Top       ; Output Buffer ; Unplaced ; Synthesized ;
;                                   ;           ;               ;          ;             ;
; MIC2[11]                          ; Top       ; Output Port   ; n/a      ;             ;
;     -- MIC2[11]                   ; Top       ; Output Pad    ; Unplaced ; Synthesized ;
;     -- MIC2[11]~output            ; Top       ; Output Buffer ; Unplaced ; Synthesized ;
;                                   ;           ;               ;          ;             ;
; MIC2[1]                           ; Top       ; Output Port   ; n/a      ;             ;
;     -- MIC2[1]                    ; Top       ; Output Pad    ; Unplaced ; Synthesized ;
;     -- MIC2[1]~output             ; Top       ; Output Buffer ; Unplaced ; Synthesized ;
;                                   ;           ;               ;          ;             ;
; MIC2[2]                           ; Top       ; Output Port   ; n/a      ;             ;
;     -- MIC2[2]                    ; Top       ; Output Pad    ; Unplaced ; Synthesized ;
;     -- MIC2[2]~output             ; Top       ; Output Buffer ; Unplaced ; Synthesized ;
;                                   ;           ;               ;          ;             ;
; MIC2[3]                           ; Top       ; Output Port   ; n/a      ;             ;
;     -- MIC2[3]                    ; Top       ; Output Pad    ; Unplaced ; Synthesized ;
;     -- MIC2[3]~output             ; Top       ; Output Buffer ; Unplaced ; Synthesized ;
;                                   ;           ;               ;          ;             ;
; MIC2[4]                           ; Top       ; Output Port   ; n/a      ;             ;
;     -- MIC2[4]                    ; Top       ; Output Pad    ; Unplaced ; Synthesized ;
;     -- MIC2[4]~output             ; Top       ; Output Buffer ; Unplaced ; Synthesized ;
;                                   ;           ;               ;          ;             ;
; MIC2[5]                           ; Top       ; Output Port   ; n/a      ;             ;
;     -- MIC2[5]                    ; Top       ; Output Pad    ; Unplaced ; Synthesized ;
;     -- MIC2[5]~output             ; Top       ; Output Buffer ; Unplaced ; Synthesized ;
;                                   ;           ;               ;          ;             ;
; MIC2[6]                           ; Top       ; Output Port   ; n/a      ;             ;
;     -- MIC2[6]                    ; Top       ; Output Pad    ; Unplaced ; Synthesized ;
;     -- MIC2[6]~output             ; Top       ; Output Buffer ; Unplaced ; Synthesized ;
;                                   ;           ;               ;          ;             ;
; MIC2[7]                           ; Top       ; Output Port   ; n/a      ;             ;
;     -- MIC2[7]                    ; Top       ; Output Pad    ; Unplaced ; Synthesized ;
;     -- MIC2[7]~output             ; Top       ; Output Buffer ; Unplaced ; Synthesized ;
;                                   ;           ;               ;          ;             ;
; MIC2[8]                           ; Top       ; Output Port   ; n/a      ;             ;
;     -- MIC2[8]                    ; Top       ; Output Pad    ; Unplaced ; Synthesized ;
;     -- MIC2[8]~output             ; Top       ; Output Buffer ; Unplaced ; Synthesized ;
;                                   ;           ;               ;          ;             ;
; MIC2[9]                           ; Top       ; Output Port   ; n/a      ;             ;
;     -- MIC2[9]                    ; Top       ; Output Pad    ; Unplaced ; Synthesized ;
;     -- MIC2[9]~output             ; Top       ; Output Buffer ; Unplaced ; Synthesized ;
;                                   ;           ;               ;          ;             ;
; MIC3[0]                           ; Top       ; Output Port   ; n/a      ;             ;
;     -- MIC3[0]                    ; Top       ; Output Pad    ; Unplaced ; Synthesized ;
;     -- MIC3[0]~output             ; Top       ; Output Buffer ; Unplaced ; Synthesized ;
;                                   ;           ;               ;          ;             ;
; MIC3[10]                          ; Top       ; Output Port   ; n/a      ;             ;
;     -- MIC3[10]                   ; Top       ; Output Pad    ; Unplaced ; Synthesized ;
;     -- MIC3[10]~output            ; Top       ; Output Buffer ; Unplaced ; Synthesized ;
;                                   ;           ;               ;          ;             ;
; MIC3[11]                          ; Top       ; Output Port   ; n/a      ;             ;
;     -- MIC3[11]                   ; Top       ; Output Pad    ; Unplaced ; Synthesized ;
;     -- MIC3[11]~output            ; Top       ; Output Buffer ; Unplaced ; Synthesized ;
;                                   ;           ;               ;          ;             ;
; MIC3[1]                           ; Top       ; Output Port   ; n/a      ;             ;
;     -- MIC3[1]                    ; Top       ; Output Pad    ; Unplaced ; Synthesized ;
;     -- MIC3[1]~output             ; Top       ; Output Buffer ; Unplaced ; Synthesized ;
;                                   ;           ;               ;          ;             ;
; MIC3[2]                           ; Top       ; Output Port   ; n/a      ;             ;
;     -- MIC3[2]                    ; Top       ; Output Pad    ; Unplaced ; Synthesized ;
;     -- MIC3[2]~output             ; Top       ; Output Buffer ; Unplaced ; Synthesized ;
;                                   ;           ;               ;          ;             ;
; MIC3[3]                           ; Top       ; Output Port   ; n/a      ;             ;
;     -- MIC3[3]                    ; Top       ; Output Pad    ; Unplaced ; Synthesized ;
;     -- MIC3[3]~output             ; Top       ; Output Buffer ; Unplaced ; Synthesized ;
;                                   ;           ;               ;          ;             ;
; MIC3[4]                           ; Top       ; Output Port   ; n/a      ;             ;
;     -- MIC3[4]                    ; Top       ; Output Pad    ; Unplaced ; Synthesized ;
;     -- MIC3[4]~output             ; Top       ; Output Buffer ; Unplaced ; Synthesized ;
;                                   ;           ;               ;          ;             ;
; MIC3[5]                           ; Top       ; Output Port   ; n/a      ;             ;
;     -- MIC3[5]                    ; Top       ; Output Pad    ; Unplaced ; Synthesized ;
;     -- MIC3[5]~output             ; Top       ; Output Buffer ; Unplaced ; Synthesized ;
;                                   ;           ;               ;          ;             ;
; MIC3[6]                           ; Top       ; Output Port   ; n/a      ;             ;
;     -- MIC3[6]                    ; Top       ; Output Pad    ; Unplaced ; Synthesized ;
;     -- MIC3[6]~output             ; Top       ; Output Buffer ; Unplaced ; Synthesized ;
;                                   ;           ;               ;          ;             ;
; MIC3[7]                           ; Top       ; Output Port   ; n/a      ;             ;
;     -- MIC3[7]                    ; Top       ; Output Pad    ; Unplaced ; Synthesized ;
;     -- MIC3[7]~output             ; Top       ; Output Buffer ; Unplaced ; Synthesized ;
;                                   ;           ;               ;          ;             ;
; MIC3[8]                           ; Top       ; Output Port   ; n/a      ;             ;
;     -- MIC3[8]                    ; Top       ; Output Pad    ; Unplaced ; Synthesized ;
;     -- MIC3[8]~output             ; Top       ; Output Buffer ; Unplaced ; Synthesized ;
;                                   ;           ;               ;          ;             ;
; MIC3[9]                           ; Top       ; Output Port   ; n/a      ;             ;
;     -- MIC3[9]                    ; Top       ; Output Pad    ; Unplaced ; Synthesized ;
;     -- MIC3[9]~output             ; Top       ; Output Buffer ; Unplaced ; Synthesized ;
;                                   ;           ;               ;          ;             ;
; NRST                              ; Top       ; Input Port    ; n/a      ;             ;
;     -- NRST                       ; Top       ; Input Pad     ; Unplaced ; Synthesized ;
;     -- NRST~input                 ; Top       ; Input Buffer  ; Unplaced ; Synthesized ;
;                                   ;           ;               ;          ;             ;
; TOGGLE                            ; Top       ; Output Port   ; n/a      ;             ;
;     -- TOGGLE                     ; Top       ; Output Pad    ; Unplaced ; Synthesized ;
;     -- TOGGLE~output              ; Top       ; Output Buffer ; Unplaced ; Synthesized ;
;                                   ;           ;               ;          ;             ;
; TX                                ; Top       ; Output Port   ; n/a      ;             ;
;     -- TX                         ; Top       ; Output Pad    ; Unplaced ; Synthesized ;
;     -- TX~output                  ; Top       ; Output Buffer ; Unplaced ; Synthesized ;
;                                   ;           ;               ;          ;             ;
; altera_reserved_tck               ; Top       ; Input Port    ; n/a      ;             ;
;     -- altera_reserved_tck        ; Top       ; Input Pad     ; Unplaced ; Synthesized ;
;     -- altera_reserved_tck~input  ; Top       ; Input Buffer  ; Unplaced ; Synthesized ;
;                                   ;           ;               ;          ;             ;
; altera_reserved_tdi               ; Top       ; Input Port    ; n/a      ;             ;
;     -- altera_reserved_tdi        ; Top       ; Input Pad     ; Unplaced ; Synthesized ;
;     -- altera_reserved_tdi~input  ; Top       ; Input Buffer  ; Unplaced ; Synthesized ;
;                                   ;           ;               ;          ;             ;
; altera_reserved_tdo               ; Top       ; Output Port   ; n/a      ;             ;
;     -- altera_reserved_tdo        ; Top       ; Output Pad    ; Unplaced ; Synthesized ;
;     -- altera_reserved_tdo~output ; Top       ; Output Buffer ; Unplaced ; Synthesized ;
;                                   ;           ;               ;          ;             ;
; altera_reserved_tms               ; Top       ; Input Port    ; n/a      ;             ;
;     -- altera_reserved_tms        ; Top       ; Input Pad     ; Unplaced ; Synthesized ;
;     -- altera_reserved_tms~input  ; Top       ; Input Buffer  ; Unplaced ; Synthesized ;
;                                   ;           ;               ;          ;             ;
+-----------------------------------+-----------+---------------+----------+-------------+


+---------------------------------------------------------+
; Partition Merge Resource Usage Summary                  ;
+---------------------------------------------+-----------+
; Resource                                    ; Usage     ;
+---------------------------------------------+-----------+
; Estimated Total logic elements              ; 2,222     ;
;                                             ;           ;
; Total combinational functions               ; 940       ;
; Logic element usage by number of LUT inputs ;           ;
;     -- 4 input functions                    ; 421       ;
;     -- 3 input functions                    ; 263       ;
;     -- <=2 input functions                  ; 256       ;
;                                             ;           ;
; Logic elements by mode                      ;           ;
;     -- normal mode                          ; 800       ;
;     -- arithmetic mode                      ; 140       ;
;                                             ;           ;
; Total registers                             ; 1833      ;
;     -- Dedicated logic registers            ; 1833      ;
;     -- I/O registers                        ; 0         ;
;                                             ;           ;
; I/O pins                                    ; 44        ;
; Total memory bits                           ; 323584    ;
;                                             ;           ;
; Embedded Multiplier 9-bit elements          ; 0         ;
;                                             ;           ;
; Maximum fan-out node                        ; CLK~input ;
; Maximum fan-out                             ; 1291      ;
; Total fan-out                               ; 10572     ;
; Average fan-out                             ; 3.58      ;
+---------------------------------------------+-----------+


+-------------------------------------------------------------------------------------------------------------------------------------------------------------------------------------------------------------------------------------------------------------------------------------------------------------+
; Partition Merge RAM Summary                                                                                                                                                                                                                                                                                 ;
+-------------------------------------------------------------------------------------------------------------------------------------------------------------------------------------------------------+------+------------------+--------------+--------------+--------------+--------------+--------+------+
; Name                                                                                                                                                                                                  ; Type ; Mode             ; Port A Depth ; Port A Width ; Port B Depth ; Port B Width ; Size   ; MIF  ;
+-------------------------------------------------------------------------------------------------------------------------------------------------------------------------------------------------------+------+------------------+--------------+--------------+--------------+--------------+--------+------+
; sld_signaltap:auto_signaltap_0|sld_signaltap_impl:sld_signaltap_body|sld_signaltap_implb:sld_signaltap_body|altsyncram:\stp_non_zero_ram_gen:stp_buffer_ram|altsyncram_ub24:auto_generated|ALTSYNCRAM ; AUTO ; Simple Dual Port ; 4096         ; 79           ; 4096         ; 79           ; 323584 ; None ;
+-------------------------------------------------------------------------------------------------------------------------------------------------------------------------------------------------------+------+------------------+--------------+--------------+--------------+--------------+--------+------+


+--------------------------+
; Partition Merge Messages ;
+--------------------------+
Info: *******************************************************************
Info: Running Quartus Prime Partition Merge
    Info: Version 20.1.1 Build 720 11/11/2020 SJ Lite Edition
    Info: Processing started: Fri Nov  1 01:34:40 2024
Info: Command: quartus_cdb --read_settings_files=off --write_settings_files=off TDOA_SOUND -c TDOA_SOUND --merge=on
Warning (18236): Number of processors has not been specified which may cause overloading on shared machines.  Set the global assignment NUM_PARALLEL_PROCESSORS in your QSF to an appropriate value for best performance.
Info (35007): Using synthesis netlist for partition "Top"
Info (35007): Using synthesis netlist for partition "sld_hub:auto_hub"
Info (35007): Using synthesis netlist for partition "sld_signaltap:auto_signaltap_0"
Critical Warning (35025): Partially connected in-system debug instance "auto_signaltap_0" to 107 of its 191 required data inputs, trigger inputs, acquisition clocks, and dynamic pins.  There were 0 illegal, 0 inaccessible, and 84 missing sources or connections.
Info (35002): Resolved and merged 3 partition(s)
Info (16010): Generating hard_block partition "hard_block:auto_generated_inst"
    Info (16011): Adding 0 node(s), including 0 DDIO, 0 PLL, 0 transceiver and 0 LCELL
Critical Warning (138067): Current license file does not support incremental compilation. The Quartus Prime software removes all the user-specified design partitions in the design automatically.
Info (21057): Implemented 2371 device resources after synthesis - the final resource count might be different
    Info (21058): Implemented 6 input pins
    Info (21059): Implemented 42 output pins
    Info (21061): Implemented 2243 logic cells
    Info (21064): Implemented 79 RAM segments
Info: Quartus Prime Partition Merge was successful. 0 errors, 3 warnings
    Info: Peak virtual memory: 611 megabytes
    Info: Processing ended: Fri Nov  1 01:34:41 2024
    Info: Elapsed time: 00:00:01
    Info: Total CPU time (on all processors): 00:00:01


